../../../../../../../../Drivers/STM32N6xx_HAL_Driver/Inc/stm32n6xx_ll_bus.h:1407:22:LL_AHB4_GRP1_EnableClock	24	static
../../../../../../../../Drivers/STM32N6xx_HAL_Driver/Inc/stm32n6xx_ll_rcc.h:2317:22:LL_RCC_SetCpuClkSource	16	static
../../../../../../../../Drivers/STM32N6xx_HAL_Driver/Inc/stm32n6xx_ll_rcc.h:2346:22:LL_RCC_SetSysClkSource	16	static
../../../FSBL/Inc/mavlink/common/../checksum.h:35:20:crc_accumulate	24	static
../../../FSBL/Inc/mavlink/common/../checksum.h:52:20:crc_init	16	static
../../../FSBL/Inc/mavlink/common/../mavlink_sha256.h:91:21:mavlink_sha256_init	16	static
../../../FSBL/Inc/mavlink/common/../mavlink_sha256.h:105:20:mavlink_sha256_calc	320	static
../../../FSBL/Inc/mavlink/common/../mavlink_sha256.h:152:21:mavlink_sha256_update	120	static
../../../FSBL/Inc/mavlink/common/../mavlink_sha256.h:192:21:mavlink_sha256_final_48	104	static
../../../FSBL/Inc/mavlink/common/../mavlink_helpers.h:27:34:mavlink_get_channel_status	16	static
../../../FSBL/Inc/mavlink/common/../mavlink_helpers.h:43:35:mavlink_get_channel_buffer	16	static
../../../FSBL/Inc/mavlink/common/../mavlink_helpers.h:127:21:mavlink_signature_check	184	static
../../../FSBL/Inc/mavlink/common/../mavlink_helpers.h:312:20:_mav_parse_error	16	static
../../../FSBL/Inc/mavlink/common/../mavlink_helpers.h:504:21:mavlink_start_checksum	24	static
../../../FSBL/Inc/mavlink/common/../mavlink_helpers.h:511:21:mavlink_update_checksum	24	static
../../../FSBL/Inc/mavlink/common/../mavlink_helpers.h:522:43:mavlink_get_msg_entry	32	static
../../../FSBL/Inc/mavlink/common/../mavlink_helpers.h:594:24:mavlink_frame_char_buffer	40	static
../../../FSBL/Inc/mavlink/common/../mavlink_helpers.h:926:24:mavlink_frame_char	40	static
../../../FSBL/Inc/mavlink/common/../mavlink_helpers.h:1004:24:mavlink_parse_char	40	static
../../../FSBL/Inc/mavlink/common/../standard/./mavlink_msg_global_position_int.h:467:20:mavlink_msg_global_position_int_decode	24	static
C:/ST/STM32CubeN6/Projects/STM32N6570-DK/Examples/UART/UART_HyperTerminal_IT/FSBL/Src/main.c:63:5:main	184	static,ignoring_inline_asm
C:/ST/STM32CubeN6/Projects/STM32N6570-DK/Examples/UART/UART_HyperTerminal_IT/FSBL/Src/main.c:139:6:SystemClock_Config	224	static
C:/ST/STM32CubeN6/Projects/STM32N6570-DK/Examples/UART/UART_HyperTerminal_IT/FSBL/Src/main.c:208:13:MX_USART1_UART_Init	8	static
C:/ST/STM32CubeN6/Projects/STM32N6570-DK/Examples/UART/UART_HyperTerminal_IT/FSBL/Src/main.c:227:13:MX_USART2_UART_Init	8	static
C:/ST/STM32CubeN6/Projects/STM32N6570-DK/Examples/UART/UART_HyperTerminal_IT/FSBL/Src/main.c:245:13:MX_GPIO_Init	8	static
C:/ST/STM32CubeN6/Projects/STM32N6570-DK/Examples/UART/UART_HyperTerminal_IT/FSBL/Src/main.c:251:6:HAL_UART_RxCpltCallback	368	static
C:/ST/STM32CubeN6/Projects/STM32N6570-DK/Examples/UART/UART_HyperTerminal_IT/FSBL/Src/main.c:284:6:HAL_UART_TxCpltCallback	16	static
C:/ST/STM32CubeN6/Projects/STM32N6570-DK/Examples/UART/UART_HyperTerminal_IT/FSBL/Src/main.c:286:6:HAL_UART_ErrorCallback	16	static
C:/ST/STM32CubeN6/Projects/STM32N6570-DK/Examples/UART/UART_HyperTerminal_IT/FSBL/Src/main.c:293:6:Error_Handler	8	static
