../../../../../../../../Drivers/STM32N6xx_HAL_Driver/Inc/stm32n6xx_ll_bus.h:1407:22:LL_AHB4_GRP1_EnableClock	1
../../../../../../../../Drivers/STM32N6xx_HAL_Driver/Inc/stm32n6xx_ll_rcc.h:2317:22:LL_RCC_SetCpuClkSource	1
../../../../../../../../Drivers/STM32N6xx_HAL_Driver/Inc/stm32n6xx_ll_rcc.h:2346:22:LL_RCC_SetSysClkSource	1
../../../FSBL/Inc/mavlink/common/../checksum.h:35:20:crc_accumulate	1
../../../FSBL/Inc/mavlink/common/../checksum.h:52:20:crc_init	1
../../../FSBL/Inc/mavlink/common/../checksum.h:65:24:crc_calculate	2
../../../FSBL/Inc/mavlink/common/../checksum.h:85:20:crc_accumulate_buffer	2
../../../FSBL/Inc/mavlink/common/../mavlink_sha256.h:91:21:mavlink_sha256_init	1
../../../FSBL/Inc/mavlink/common/../mavlink_sha256.h:105:20:mavlink_sha256_calc	4
../../../FSBL/Inc/mavlink/common/../mavlink_sha256.h:152:21:mavlink_sha256_update	6
../../../FSBL/Inc/mavlink/common/../mavlink_sha256.h:192:21:mavlink_sha256_final_48	1
../../../FSBL/Inc/mavlink/common/../mavlink_helpers.h:27:34:mavlink_get_channel_status	1
../../../FSBL/Inc/mavlink/common/../mavlink_helpers.h:43:35:mavlink_get_channel_buffer	1
../../../FSBL/Inc/mavlink/common/../mavlink_helpers.h:77:24:mavlink_sign_packet	3
../../../FSBL/Inc/mavlink/common/../mavlink_helpers.h:115:24:_mav_trim_payload	3
../../../FSBL/Inc/mavlink/common/../mavlink_helpers.h:127:21:mavlink_signature_check	13
../../../FSBL/Inc/mavlink/common/../mavlink_helpers.h:227:25:mavlink_finalize_message_buffer	10
../../../FSBL/Inc/mavlink/common/../mavlink_helpers.h:296:25:mavlink_finalize_message_chan	1
../../../FSBL/Inc/mavlink/common/../mavlink_helpers.h:306:25:mavlink_finalize_message	1
../../../FSBL/Inc/mavlink/common/../mavlink_helpers.h:312:20:_mav_parse_error	1
../../../FSBL/Inc/mavlink/common/../mavlink_helpers.h:451:25:mavlink_msg_to_send_buffer	4
../../../FSBL/Inc/mavlink/common/../mavlink_helpers.h:504:21:mavlink_start_checksum	1
../../../FSBL/Inc/mavlink/common/../mavlink_helpers.h:511:21:mavlink_update_checksum	1
../../../FSBL/Inc/mavlink/common/../mavlink_helpers.h:522:43:mavlink_get_msg_entry	5
../../../FSBL/Inc/mavlink/common/../mavlink_helpers.h:594:24:mavlink_frame_char_buffer	50
../../../FSBL/Inc/mavlink/common/../mavlink_helpers.h:926:24:mavlink_frame_char	1
../../../FSBL/Inc/mavlink/common/../mavlink_helpers.h:1004:24:mavlink_parse_char	4
../../../FSBL/Inc/mavlink/common/./mavlink_msg_request_data_stream.h:63:24:mavlink_msg_request_data_stream_pack	1
../../../FSBL/Inc/mavlink/common/../standard/../minimal/./mavlink_msg_heartbeat.h:66:24:mavlink_msg_heartbeat_pack	1
C:/ST/STM32CubeN6/Projects/STM32N6570-DK/Examples/UART/UART_HyperTerminal_IT/FSBL/Src/main.c:74:5:main	13
C:/ST/STM32CubeN6/Projects/STM32N6570-DK/Examples/UART/UART_HyperTerminal_IT/FSBL/Src/main.c:192:6:SystemClock_Config	9
C:/ST/STM32CubeN6/Projects/STM32N6570-DK/Examples/UART/UART_HyperTerminal_IT/FSBL/Src/main.c:258:13:MX_USART1_UART_Init	5
C:/ST/STM32CubeN6/Projects/STM32N6570-DK/Examples/UART/UART_HyperTerminal_IT/FSBL/Src/main.c:277:13:MX_USART2_UART_Init	5
C:/ST/STM32CubeN6/Projects/STM32N6570-DK/Examples/UART/UART_HyperTerminal_IT/FSBL/Src/main.c:296:13:MX_GPIO_Init	1
C:/ST/STM32CubeN6/Projects/STM32N6570-DK/Examples/UART/UART_HyperTerminal_IT/FSBL/Src/main.c:311:6:HAL_UART_RxCpltCallback	4
C:/ST/STM32CubeN6/Projects/STM32N6570-DK/Examples/UART/UART_HyperTerminal_IT/FSBL/Src/main.c:371:6:HAL_UART_ErrorCallback	2
C:/ST/STM32CubeN6/Projects/STM32N6570-DK/Examples/UART/UART_HyperTerminal_IT/FSBL/Src/main.c:382:6:HAL_UART_TxCpltCallback	1
C:/ST/STM32CubeN6/Projects/STM32N6570-DK/Examples/UART/UART_HyperTerminal_IT/FSBL/Src/main.c:386:13:request_mavlink_streams	1
C:/ST/STM32CubeN6/Projects/STM32N6570-DK/Examples/UART/UART_HyperTerminal_IT/FSBL/Src/main.c:409:13:send_heartbeat	1
C:/ST/STM32CubeN6/Projects/STM32N6570-DK/Examples/UART/UART_HyperTerminal_IT/FSBL/Src/main.c:428:6:Error_Handler	1
