../../../../../../../../Drivers/STM32N6xx_HAL_Driver/Inc/stm32n6xx_ll_bus.h:1407:22:LL_AHB4_GRP1_EnableClock	24	static
../../../../../../../../Drivers/STM32N6xx_HAL_Driver/Inc/stm32n6xx_ll_rcc.h:2317:22:LL_RCC_SetCpuClkSource	16	static
../../../../../../../../Drivers/STM32N6xx_HAL_Driver/Inc/stm32n6xx_ll_rcc.h:2346:22:LL_RCC_SetSysClkSource	16	static
../../../FSBL/Inc/mavlink/common/../checksum.h:35:20:crc_accumulate	24	static
../../../FSBL/Inc/mavlink/common/../checksum.h:52:20:crc_init	16	static
../../../FSBL/Inc/mavlink/common/../checksum.h:65:24:crc_calculate	24	static
../../../FSBL/Inc/mavlink/common/../checksum.h:85:20:crc_accumulate_buffer	32	static
../../../FSBL/Inc/mavlink/common/../mavlink_sha256.h:91:21:mavlink_sha256_init	16	static
../../../FSBL/Inc/mavlink/common/../mavlink_sha256.h:105:20:mavlink_sha256_calc	320	static
../../../FSBL/Inc/mavlink/common/../mavlink_sha256.h:152:21:mavlink_sha256_update	120	static
../../../FSBL/Inc/mavlink/common/../mavlink_sha256.h:192:21:mavlink_sha256_final_48	104	static
../../../FSBL/Inc/mavlink/common/../mavlink_helpers.h:27:34:mavlink_get_channel_status	16	static
../../../FSBL/Inc/mavlink/common/../mavlink_helpers.h:43:35:mavlink_get_channel_buffer	16	static
../../../FSBL/Inc/mavlink/common/../mavlink_helpers.h:77:24:mavlink_sign_packet	144	static
../../../FSBL/Inc/mavlink/common/../mavlink_helpers.h:115:24:_mav_trim_payload	16	static
../../../FSBL/Inc/mavlink/common/../mavlink_helpers.h:127:21:mavlink_signature_check	184	static
../../../FSBL/Inc/mavlink/common/../mavlink_helpers.h:227:25:mavlink_finalize_message_buffer	80	static
../../../FSBL/Inc/mavlink/common/../mavlink_helpers.h:296:25:mavlink_finalize_message_chan	40	static
../../../FSBL/Inc/mavlink/common/../mavlink_helpers.h:306:25:mavlink_finalize_message	32	static
../../../FSBL/Inc/mavlink/common/../mavlink_helpers.h:312:20:_mav_parse_error	16	static
../../../FSBL/Inc/mavlink/common/../mavlink_helpers.h:451:25:mavlink_msg_to_send_buffer	32	static
../../../FSBL/Inc/mavlink/common/../mavlink_helpers.h:504:21:mavlink_start_checksum	24	static
../../../FSBL/Inc/mavlink/common/../mavlink_helpers.h:511:21:mavlink_update_checksum	24	static
../../../FSBL/Inc/mavlink/common/../mavlink_helpers.h:522:43:mavlink_get_msg_entry	32	static
../../../FSBL/Inc/mavlink/common/../mavlink_helpers.h:594:24:mavlink_frame_char_buffer	40	static
../../../FSBL/Inc/mavlink/common/../mavlink_helpers.h:926:24:mavlink_frame_char	40	static
../../../FSBL/Inc/mavlink/common/../mavlink_helpers.h:1004:24:mavlink_parse_char	40	static
../../../FSBL/Inc/mavlink/common/./mavlink_msg_request_data_stream.h:63:24:mavlink_msg_request_data_stream_pack	32	static
../../../FSBL/Inc/mavlink/common/../standard/../minimal/./mavlink_msg_heartbeat.h:66:24:mavlink_msg_heartbeat_pack	40	static
C:/ST/STM32CubeN6/Projects/STM32N6570-DK/Examples/UART/UART_HyperTerminal_IT/FSBL/Src/main.c:74:5:main	208	static,ignoring_inline_asm
C:/ST/STM32CubeN6/Projects/STM32N6570-DK/Examples/UART/UART_HyperTerminal_IT/FSBL/Src/main.c:192:6:SystemClock_Config	224	static
C:/ST/STM32CubeN6/Projects/STM32N6570-DK/Examples/UART/UART_HyperTerminal_IT/FSBL/Src/main.c:258:13:MX_USART1_UART_Init	8	static
C:/ST/STM32CubeN6/Projects/STM32N6570-DK/Examples/UART/UART_HyperTerminal_IT/FSBL/Src/main.c:277:13:MX_USART2_UART_Init	8	static
C:/ST/STM32CubeN6/Projects/STM32N6570-DK/Examples/UART/UART_HyperTerminal_IT/FSBL/Src/main.c:296:13:MX_GPIO_Init	8	static
C:/ST/STM32CubeN6/Projects/STM32N6570-DK/Examples/UART/UART_HyperTerminal_IT/FSBL/Src/main.c:311:6:HAL_UART_RxCpltCallback	472	static
C:/ST/STM32CubeN6/Projects/STM32N6570-DK/Examples/UART/UART_HyperTerminal_IT/FSBL/Src/main.c:371:6:HAL_UART_ErrorCallback	16	static
C:/ST/STM32CubeN6/Projects/STM32N6570-DK/Examples/UART/UART_HyperTerminal_IT/FSBL/Src/main.c:382:6:HAL_UART_TxCpltCallback	16	static
C:/ST/STM32CubeN6/Projects/STM32N6570-DK/Examples/UART/UART_HyperTerminal_IT/FSBL/Src/main.c:386:13:request_mavlink_streams	600	static
C:/ST/STM32CubeN6/Projects/STM32N6570-DK/Examples/UART/UART_HyperTerminal_IT/FSBL/Src/main.c:409:13:send_heartbeat	600	static
C:/ST/STM32CubeN6/Projects/STM32N6570-DK/Examples/UART/UART_HyperTerminal_IT/FSBL/Src/main.c:428:6:Error_Handler	8	static
