C:/ST/STM32CubeN6/Projects/STM32N6570-DK/Examples/UART/UART_HyperTerminal_IT/FSBL/Src/stm32n6xx_it.c:74:6:NMI_Handler	4	static
C:/ST/STM32CubeN6/Projects/STM32N6570-DK/Examples/UART/UART_HyperTerminal_IT/FSBL/Src/stm32n6xx_it.c:89:6:HardFault_Handler	4	static
C:/ST/STM32CubeN6/Projects/STM32N6570-DK/Examples/UART/UART_HyperTerminal_IT/FSBL/Src/stm32n6xx_it.c:104:6:MemManage_Handler	4	static
C:/ST/STM32CubeN6/Projects/STM32N6570-DK/Examples/UART/UART_HyperTerminal_IT/FSBL/Src/stm32n6xx_it.c:119:6:BusFault_Handler	4	static
C:/ST/STM32CubeN6/Projects/STM32N6570-DK/Examples/UART/UART_HyperTerminal_IT/FSBL/Src/stm32n6xx_it.c:134:6:UsageFault_Handler	4	static
C:/ST/STM32CubeN6/Projects/STM32N6570-DK/Examples/UART/UART_HyperTerminal_IT/FSBL/Src/stm32n6xx_it.c:149:6:SecureFault_Handler	4	static
C:/ST/STM32CubeN6/Projects/STM32N6570-DK/Examples/UART/UART_HyperTerminal_IT/FSBL/Src/stm32n6xx_it.c:164:6:SVC_Handler	4	static
C:/ST/STM32CubeN6/Projects/STM32N6570-DK/Examples/UART/UART_HyperTerminal_IT/FSBL/Src/stm32n6xx_it.c:177:6:DebugMon_Handler	4	static
C:/ST/STM32CubeN6/Projects/STM32N6570-DK/Examples/UART/UART_HyperTerminal_IT/FSBL/Src/stm32n6xx_it.c:190:6:PendSV_Handler	4	static
C:/ST/STM32CubeN6/Projects/STM32N6570-DK/Examples/UART/UART_HyperTerminal_IT/FSBL/Src/stm32n6xx_it.c:203:6:SysTick_Handler	8	static
C:/ST/STM32CubeN6/Projects/STM32N6570-DK/Examples/UART/UART_HyperTerminal_IT/FSBL/Src/stm32n6xx_it.c:224:6:USART1_IRQHandler	8	static
C:/ST/STM32CubeN6/Projects/STM32N6570-DK/Examples/UART/UART_HyperTerminal_IT/FSBL/Src/stm32n6xx_it.c:238:6:USART2_IRQHandler	8	static
